Cleaning up ANY existing slots before test...
Destroying 101 active slots...

=== Starting Bunch 1 (400 slots) ===
Provisioning 1 to 40...
Provisioning 41 to 80...
Provisioning 81 to 120...
Provisioning 121 to 160...
Provisioning 161 to 200...
Provisioning 201 to 240...
Provisioning 241 to 280...
Provisioning 281 to 320...
Provisioning 321 to 360...
Provisioning 361 to 400...

Destroying all 400 slots for Bunch 1 to release IPs...

=== Starting Bunch 2 (400 slots) ===
Provisioning 1 to 40...
Provisioning 41 to 80...
Provisioning 81 to 120...
Provisioning 121 to 160...
Provisioning 161 to 200...
Provisioning 201 to 240...
Provisioning 241 to 280...
Provisioning 281 to 320...
Provisioning 321 to 360...
Provisioning 361 to 400...

Destroying all 400 slots for Bunch 2 to release IPs...


====== ANALYSIS & PATTERNS ======
Bunch 1: 383 successful dials, 373 unique IPs (Duplicates: 10)
Bunch 2: 366 successful dials, 362 unique IPs (Duplicates: 4)

Overlap: 68 IPs appeared in BOTH bunches.
Estimated ISP Pool Size (Mark & Recapture math): ~1985 IPs

Target 223.181.48.64 found? Bunch 1: False, Bunch 2: False

Subnet Distribution Pattern (Top 5):
  223.181.49.x : 132 assignments
  223.181.48.x : 108 assignments
  223.181.52.x : 103 assignments
  223.181.50.x : 100 assignments
  223.181.55.x : 95 assignments
